This is LuaTeX, Version 1.17.1 (MiKTeX 24.1) (format=dvilualatex 2026.7.20)  30 JUL 2026 00:49
 restricted system commands enabled.
**c:/Users/morel/Desktop/NewFolder/DualArmControl/PhD_Logs/03-Papers/Conference
s/1_/1.tex

(c:/Users/morel/Desktop/NewFolder/DualArmControl/PhD_Logs/03-Papers/Conferences
/1_/1.tex
LaTeX2e <2023-11-01> patch level 1
L3 programming layer <2024-01-04>
Lua module: luaotfload 2023-08-31 3.26 Lua based OpenType font support
Lua module: lualibs 2023-07-13 2.76 ConTeXt Lua standard libraries.
Lua module: lualibs-extended 2023-07-13 2.76 ConTeXt Lua libraries -- extended c
ollection.
luaotfload | conf : Root cache directory is "C:/Users/morel/AppData/Local/MiKTeX
/luatex-cache/generic/names".
luaotfload | init : Loading fontloader "fontloader-2023-08-19.lua" from kpse-res
olved path "C:/Users/morel/AppData/Local/Programs/MiKTeX/tex/luatex/luaotfload/f
ontloader-2023-08-19.lua".
Lua-only attribute luaotfload@noligature = 1
luaotfload | init : Context OpenType loader version 3.133
Inserting `luaotfload.node_processor' in `pre_linebreak_filter'.
Inserting `luaotfload.node_processor' in `hpack_filter'.
Inserting `luaotfload.glyph_stream' in `glyph_stream_provider'.
Inserting `luaotfload.define_font' in `define_font'.
Lua-only attribute luaotfload_color_attribute = 2
luaotfload | conf : Root cache directory is "C:/Users/morel/AppData/Local/MiKTeX
/luatex-cache/generic/names".
Lua-only attribute luaotfload.letterspace_done = 3
Inserting `luaotfload.aux.set_sscale_dimens' in `luaotfload.patch_font'.
Inserting `luaotfload.aux.set_font_index' in `luaotfload.patch_font'.
Inserting `luaotfload.aux.patch_cambria_domh' in `luaotfload.patch_font'.
Inserting `luaotfload.aux.fixup_fontdata' in `luaotfload.patch_font_unsafe'.
Inserting `luaotfload.aux.set_capheight' in `luaotfload.patch_font'.
Inserting `luaotfload.aux.set_xheight' in `luaotfload.patch_font'.
Inserting `luaotfload.rewrite_fontname' in `luaotfload.patch_font'.
Inserting `tracingstacklevels' in `input_level_string'. (C:/Users/morel/AppData
/Local/Programs/MiKTeX/tex/latex/ieeetran/IEEEtran.cls
Document Class: IEEEtran 2015/08/26 V1.8b by Michael Shell
-- See the "IEEEtran_HOWTO" manual for usage information.
-- http://www.michaelshell.org/tex/ieeetran/
\@IEEEtrantmpdimenA=\dimen139
\@IEEEtrantmpdimenB=\dimen140
\@IEEEtrantmpdimenC=\dimen141
\@IEEEtrantmpcountA=\count185
\@IEEEtrantmpcountB=\count186
\@IEEEtrantmpcountC=\count187
\@IEEEtrantmptoksA=\toks17
LaTeX Font Info:    Trying to load font information for TU+ptm on input line 50
3.
LaTeX Font Info:    No file TUptm.fd. on input line 503.

LaTeX Font Warning: Font shape `TU/ptm/m/n' undefined
(Font)              using `TU/lmr/m/n' instead on input line 503.

luaotfload | db : Font names database loaded from C:/Users/morel/AppData/Local/M
iKTeX/luatex-cache/generic/names/luaotfload-names.luc.gz
Inserting `luaotfload.dvi' in `pre_shipout_filter'.
-- Using 8.5in x 11in (letter) paper.
-- Using DVI output.
\@IEEEnormalsizeunitybaselineskip=\dimen142
-- This is a 10 point document.
\CLASSINFOnormalsizebaselineskip=\dimen143
\CLASSINFOnormalsizeunitybaselineskip=\dimen144
\IEEEnormaljot=\dimen145

LaTeX Font Warning: Font shape `TU/ptm/bx/n' undefined
(Font)              using `TU/ptm/m/n' instead on input line 1090.


LaTeX Font Warning: Font shape `TU/ptm/m/it' undefined
(Font)              using `TU/ptm/m/n' instead on input line 1090.


LaTeX Font Warning: Font shape `TU/ptm/bx/it' undefined
(Font)              using `TU/ptm/bx/n' instead on input line 1090.

\IEEEquantizedlength=\dimen146
\IEEEquantizedlengthdiff=\dimen147
\IEEEquantizedtextheightdiff=\dimen148
\IEEEilabelindentA=\dimen149
\IEEEilabelindentB=\dimen150
\IEEEilabelindent=\dimen151
\IEEEelabelindent=\dimen152
\IEEEdlabelindent=\dimen153
\IEEElabelindent=\dimen154
\IEEEiednormlabelsep=\dimen155
\IEEEiedmathlabelsep=\dimen156
\IEEEiedtopsep=\skip48
\c@section=\count188
\c@subsection=\count189
\c@subsubsection=\count190
\c@paragraph=\count191
\c@IEEEsubequation=\count192
\abovecaptionskip=\skip49
\belowcaptionskip=\skip50
\c@figure=\count193
\c@table=\count194
\@IEEEeqnnumcols=\count195
\@IEEEeqncolcnt=\count196
\@IEEEsubeqnnumrollback=\count197
\@IEEEquantizeheightA=\dimen157
\@IEEEquantizeheightB=\dimen158
\@IEEEquantizeheightC=\dimen159
\@IEEEquantizeprevdepth=\dimen160
\@IEEEquantizemultiple=\count198
\@IEEEquantizeboxA=\box51
\@IEEEtmpitemindent=\dimen161
\IEEEPARstartletwidth=\dimen162
\c@IEEEbiography=\count199
\@IEEEtranrubishbin=\box52
)
** ATTENTION: Overriding command lockouts (line 2).
(C:/Users/morel/AppData/Local/Programs/MiKTeX/tex/latex/cite/cite.sty
LaTeX Info: Redefining \cite on input line 302.
LaTeX Info: Redefining \nocite on input line 332.
Package: cite 2015/02/27  v 5.5
)
(C:/Users/morel/AppData/Local/Programs/MiKTeX/tex/latex/amsmath/amsmath.sty
Package: amsmath 2023/05/13 v2.17o AMS math features
\@mathmargin=\skip51

For additional information on amsmath, use the `?' option.
(C:/Users/morel/AppData/Local/Programs/MiKTeX/tex/latex/amsmath/amstext.sty
Package: amstext 2021/08/26 v2.01 AMS text

(C:/Users/morel/AppData/Local/Programs/MiKTeX/tex/latex/amsmath/amsgen.sty
File: amsgen.sty 1999/11/30 v2.0 generic functions
\@emptytoks=\toks18
\ex@=\dimen163
))
(C:/Users/morel/AppData/Local/Programs/MiKTeX/tex/latex/amsmath/amsbsy.sty
Package: amsbsy 1999/11/29 v1.2d Bold Symbols
\pmbraise@=\dimen164
)
(C:/Users/morel/AppData/Local/Programs/MiKTeX/tex/latex/amsmath/amsopn.sty
Package: amsopn 2022/04/08 v2.04 operator names
)
\inf@bad=\count266
LaTeX Info: Redefining \frac on input line 236.
\uproot@=\count267
\leftroot@=\count268
LaTeX Info: Redefining \overline on input line 399.
LaTeX Info: Redefining \colon on input line 410.
\classnum@=\count269
\DOTSCASE@=\count270
LaTeX Info: Redefining \ldots on input line 496.
LaTeX Info: Redefining \dots on input line 499.
LaTeX Info: Redefining \cdots on input line 620.
\Mathstrutbox@=\box53
\strutbox@=\box54
LaTeX Info: Redefining \big on input line 722.
LaTeX Info: Redefining \Big on input line 723.
LaTeX Info: Redefining \bigg on input line 724.
LaTeX Info: Redefining \Bigg on input line 725.
\big@size=\dimen165
LaTeX Font Info:    Redeclaring font encoding OML on input line 743.
LaTeX Font Info:    Redeclaring font encoding OMS on input line 744.
\macc@depth=\count271
LaTeX Info: Redefining \bmod on input line 905.
LaTeX Info: Redefining \pmod on input line 910.
LaTeX Info: Redefining \smash on input line 940.
LaTeX Info: Redefining \relbar on input line 970.
LaTeX Info: Redefining \Relbar on input line 971.
\c@MaxMatrixCols=\count272
\dotsspace@=\muskip16
\c@parentequation=\count273
\dspbrk@lvl=\count274
\tag@help=\toks19
\row@=\count275
\column@=\count276
\maxfields@=\count277
\andhelp@=\toks20
\eqnshift@=\dimen166
\alignsep@=\dimen167
\tagshift@=\dimen168
\tagwidth@=\dimen169
\totwidth@=\dimen170
\lineht@=\dimen171
\@envbody=\toks21
\multlinegap=\skip52
\multlinetaggap=\skip53
\mathdisplay@stack=\toks22
LaTeX Info: Redefining \[ on input line 2953.
LaTeX Info: Redefining \] on input line 2954.
)
(C:/Users/morel/AppData/Local/Programs/MiKTeX/tex/latex/amsfonts/amssymb.sty
Package: amssymb 2013/01/14 v3.01 AMS font symbols

(C:/Users/morel/AppData/Local/Programs/MiKTeX/tex/latex/amsfonts/amsfonts.sty
Package: amsfonts 2013/01/14 v3.01 Basic AMSFonts support
\symAMSa=\mathgroup4
\symAMSb=\mathgroup5
LaTeX Font Info:    Redeclaring math symbol \hbar on input line 98.
LaTeX Font Info:    Overwriting math alphabet `\mathfrak' in version `bold'
(Font)                  U/euf/m/n --> U/euf/b/n on input line 106.
))
(C:/Users/morel/AppData/Local/Programs/MiKTeX/tex/latex/algorithms/algorithmic.
sty
Package: algorithmic 2009/08/24 v0.1 Document Style `algorithmic'
 (C:/Users/morel/AppData/Local/Programs/MiKTeX/tex/latex/base/ifthen.sty
Package: ifthen 2022/04/13 v1.1d Standard LaTeX ifthen package (DPC)
)
(C:/Users/morel/AppData/Local/Programs/MiKTeX/tex/latex/graphics/keyval.sty
Package: keyval 2022/05/29 v1.15 key=value parser (DPC)
\KV@toks@=\toks23
)
\c@ALC@unique=\count278
\c@ALC@line=\count279
\c@ALC@rem=\count280
\c@ALC@depth=\count281
\ALC@tlm=\skip54
\algorithmicindent=\skip55
)
(C:/Users/morel/AppData/Local/Programs/MiKTeX/tex/latex/graphics/graphicx.sty
Package: graphicx 2021/09/16 v1.2d Enhanced LaTeX Graphics (DPC,SPQR)

(C:/Users/morel/AppData/Local/Programs/MiKTeX/tex/latex/graphics/graphics.sty
Package: graphics 2022/03/10 v1.4e Standard LaTeX Graphics (DPC,SPQR)

(C:/Users/morel/AppData/Local/Programs/MiKTeX/tex/latex/graphics/trig.sty
Package: trig 2021/08/11 v1.11 sin cos tan (DPC)
)
(C:/Users/morel/AppData/Local/Programs/MiKTeX/tex/latex/graphics-cfg/graphics.c
fg
File: graphics.cfg 2016/06/04 v1.11 sample graphics configuration
)
Package graphics Info: Driver file: dvips.def on input line 107.

(C:/Users/morel/AppData/Local/Programs/MiKTeX/tex/latex/graphics-def/dvips.def
File: dvips.def 2022/09/22 v3.1e Graphics/color driver for dvips
))
\Gin@req@height=\dimen172
\Gin@req@width=\dimen173
) (C:/Users/morel/AppData/Local/Programs/MiKTeX/tex/latex/base/textcomp.sty
Package: textcomp 2020/02/02 v2.0n Standard LaTeX package
)
(C:/Users/morel/AppData/Local/Programs/MiKTeX/tex/latex/xcolor/xcolor.sty
Package: xcolor 2023/11/15 v3.01 LaTeX color extensions (UK)

(C:/Users/morel/AppData/Local/Programs/MiKTeX/tex/latex/graphics-cfg/color.cfg
File: color.cfg 2016/01/02 v1.6 sample color configuration
)
Package xcolor Info: Driver file: dvips.def on input line 274.
(C:/Users/morel/AppData/Local/Programs/MiKTeX/tex/latex/graphics/mathcolor.ltx)
Package xcolor Info: Model `cmy' substituted by `cmy0' on input line 1350.
Package xcolor Info: Model `RGB' extended on input line 1366.
Package xcolor Info: Model `HTML' substituted by `rgb' on input line 1368.
Package xcolor Info: Model `Hsb' substituted by `hsb' on input line 1369.
Package xcolor Info: Model `tHsb' substituted by `hsb' on input line 1370.
Package xcolor Info: Model `HSB' substituted by `hsb' on input line 1371.
Package xcolor Info: Model `Gray' substituted by `gray' on input line 1372.
Package xcolor Info: Model `wave' substituted by `hsb' on input line 1373.
)
(C:/Users/morel/AppData/Local/Programs/MiKTeX/tex/latex/l3backend/l3backend-dvi
ps.def
File: l3backend-dvips.def 2024-01-04 L3 backend support: dvips
\l__pdf_internal_box=\box55
\g__pdf_backend_object_int=\count282
\l__pdf_backend_content_box=\box56
\l__pdf_backend_model_box=\box57
\g__pdf_backend_annotation_int=\count283
\g__pdf_backend_link_int=\count284
\g__pdf_backend_link_sf_int=\count285
) (./1.aux)
\openout1 = 1.aux

LaTeX Font Info:    Checking defaults for OML/cmm/m/it on input line 12.
LaTeX Font Info:    ... okay on input line 12.
LaTeX Font Info:    Checking defaults for OMS/cmsy/m/n on input line 12.
LaTeX Font Info:    ... okay on input line 12.
LaTeX Font Info:    Checking defaults for OT1/cmr/m/n on input line 12.
LaTeX Font Info:    ... okay on input line 12.
LaTeX Font Info:    Checking defaults for T1/cmr/m/n on input line 12.
LaTeX Font Info:    ... okay on input line 12.
LaTeX Font Info:    Checking defaults for TS1/cmr/m/n on input line 12.
LaTeX Font Info:    Trying to load font information for TS1+cmr on input line 1
2.

(C:/Users/morel/AppData/Local/Programs/MiKTeX/tex/latex/base/ts1cmr.fd
File: ts1cmr.fd 2023/04/13 v2.5m Standard LaTeX font definitions
)
LaTeX Font Info:    ... okay on input line 12.
LaTeX Font Info:    Checking defaults for TU/lmr/m/n on input line 12.
LaTeX Font Info:    ... okay on input line 12.
LaTeX Font Info:    Checking defaults for OMX/cmex/m/n on input line 12.
LaTeX Font Info:    ... okay on input line 12.
LaTeX Font Info:    Checking defaults for U/cmr/m/n on input line 12.
LaTeX Font Info:    ... okay on input line 12.


LaTeX Font Warning: Font shape `TU/ptm/b/n' undefined
(Font)              using `TU/ptm/bx/n' instead on input line 12.


LaTeX Font Warning: Font shape `TU/ptm/b/it' undefined
(Font)              using `TU/ptm/bx/it' instead on input line 12.


LaTeX Font Warning: Font shape `TU/ptm/b/n' undefined
(Font)              using `TU/ptm/bx/n' instead on input line 12.


LaTeX Font Warning: Font shape `TU/ptm/b/it' undefined
(Font)              using `TU/ptm/bx/it' instead on input line 12.


LaTeX Font Warning: Font shape `TU/ptm/b/n' undefined
(Font)              using `TU/ptm/bx/n' instead on input line 12.


LaTeX Font Warning: Font shape `TU/ptm/b/it' undefined
(Font)              using `TU/ptm/bx/it' instead on input line 12.


LaTeX Font Warning: Font shape `TU/ptm/b/n' undefined
(Font)              using `TU/ptm/bx/n' instead on input line 12.


LaTeX Font Warning: Font shape `TU/ptm/b/it' undefined
(Font)              using `TU/ptm/bx/it' instead on input line 12.


LaTeX Font Warning: Font shape `TU/ptm/b/n' undefined
(Font)              using `TU/ptm/bx/n' instead on input line 12.


LaTeX Font Warning: Font shape `TU/ptm/b/it' undefined
(Font)              using `TU/ptm/bx/it' instead on input line 12.


LaTeX Font Warning: Font shape `TU/ptm/b/n' undefined
(Font)              using `TU/ptm/bx/n' instead on input line 12.


LaTeX Font Warning: Font shape `TU/ptm/b/it' undefined
(Font)              using `TU/ptm/bx/it' instead on input line 12.


LaTeX Font Warning: Font shape `TU/ptm/b/n' undefined
(Font)              using `TU/ptm/bx/n' instead on input line 12.


LaTeX Font Warning: Font shape `TU/ptm/b/it' undefined
(Font)              using `TU/ptm/bx/it' instead on input line 12.


LaTeX Font Warning: Font shape `TU/ptm/b/n' undefined
(Font)              using `TU/ptm/bx/n' instead on input line 12.


LaTeX Font Warning: Font shape `TU/ptm/b/it' undefined
(Font)              using `TU/ptm/bx/it' instead on input line 12.


LaTeX Font Warning: Font shape `TU/ptm/b/n' undefined
(Font)              using `TU/ptm/bx/n' instead on input line 12.


LaTeX Font Warning: Font shape `TU/ptm/b/it' undefined
(Font)              using `TU/ptm/bx/it' instead on input line 12.


LaTeX Font Warning: Font shape `TU/ptm/b/n' undefined
(Font)              using `TU/ptm/bx/n' instead on input line 12.


LaTeX Font Warning: Font shape `TU/ptm/b/it' undefined
(Font)              using `TU/ptm/bx/it' instead on input line 12.

-- Lines per column: 56 (exact).
LaTeX Font Info:    Calculating math sizes for size <11> on input line 37.
LaTeX Font Info:    Trying to load font information for U+msa on input line 37.

(C:/Users/morel/AppData/Local/Programs/MiKTeX/tex/latex/amsfonts/umsa.fd
File: umsa.fd 2013/01/14 v3.01 AMS symbols A
)
LaTeX Font Info:    Trying to load font information for U+msb on input line 37.


(C:/Users/morel/AppData/Local/Programs/MiKTeX/tex/latex/amsfonts/umsb.fd
File: umsb.fd 2013/01/14 v3.01 AMS symbols B
)

LaTeX Font Warning: Font shape `TU/ptm/b/n' undefined
(Font)              using `TU/ptm/bx/n' instead on input line 39.


LaTeX Font Warning: Font shape `TU/ptm/b/n' undefined
(Font)              using `TU/ptm/bx/n' instead on input line 50.


LaTeX Font Warning: Font shape `TU/ptm/m/sc' undefined
(Font)              using `TU/ptm/m/n' instead on input line 54.


Underfull \hbox (badness 1648) in paragraph at lines 64--65
[]\TU/ptm/bx/it/10 Cooperative-manipulation force-distribution lit-er-a-
 []

[1
Missing character: There is no @ (U+0040) in font nullfont!
Missing character: There is no @ (U+0040) in font nullfont!
Missing character: There is no @ (U+0040) in font nullfont!
Missing character: There is no @ (U+0040) in font nullfont!
Missing character: There is no @ (U+0040) in font nullfont!


Missing character: There is no @ (U+0040) in font nullfont!
Missing character: There is no @ (U+0040) in font nullfont!
Missing character: There is no z (U+007A) in font nullfont!
Missing character: There is no @ (U+0040) in font nullfont!
Missing character: There is no @ (U+0040) in font nullfont!
Missing character: There is no @ (U+0040) in font nullfont!
Missing character: There is no @ (U+0040) in font nullfont!
Missing character: There is no z (U+007A) in font nullfont!
Missing character: There is no @ (U+0040) in font nullfont!
Missing character: There is no @ (U+0040) in font nullfont!
Missing character: There is no @ (U+0040) in font nullfont!
Missing character: There is no @ (U+0040) in font nullfont!
Missing character: There is no @ (U+0040) in font nullfont!
Missing character: There is no @ (U+0040) in font nullfont!
Missing character: There is no @ (U+0040) in font nullfont!
Missing character: There is no @ (U+0040) in font nullfont!
Missing character: There is no z (U+007A) in font nullfont!
Missing character: There is no @ (U+0040) in font nullfont!
Missing character: There is no @ (U+0040) in font nullfont!
Missing character: There is no { (U+007B) in font nullfont!
Missing character: There is no z (U+007A) in font nullfont!
Missing character: There is no @ (U+0040) in font nullfont!
Missing character: There is no @ (U+0040) in font nullfont!
Missing character: There is no @ (U+0040) in font nullfont!
Missing character: There is no @ (U+0040) in font nullfont!
Missing character: There is no @ (U+0040) in font nullfont!
Missing character: There is no @ (U+0040) in font nullfont!
Missing character: There is no @ (U+0040) in font nullfont!
Missing character: There is no @ (U+0040) in font nullfont!
Missing character: There is no @ (U+0040) in font nullfont!
Missing character: There is no @ (U+0040) in font nullfont!
Missing character: There is no @ (U+0040) in font nullfont!
Missing character: There is no @ (U+0040) in font nullfont!
Missing character: There is no @ (U+0040) in font nullfont!
Missing character: There is no @ (U+0040) in font nullfont!
Missing character: There is no @ (U+0040) in font nullfont!
Missing character: There is no @ (U+0040) in font nullfont!
Missing character: There is no @ (U+0040) in font nullfont!
Missing character: There is no @ (U+0040) in font nullfont!
Missing character: There is no @ (U+0040) in font nullfont!
Missing character: There is no @ (U+0040) in font nullfont!
Missing character: There is no @ (U+0040) in font nullfont!
Missing character: There is no @ (U+0040) in font nullfont!
Missing character: There is no @ (U+0040) in font nullfont!
Missing character: There is no @ (U+0040) in font nullfont!
Missing character: There is no } (U+007D) in font nullfont!
Missing character: There is no { (U+007B) in font nullfont!
Missing character: There is no @ (U+0040) in font nullfont!
Missing character: There is no @ (U+0040) in font nullfont!
Missing character: There is no z (U+007A) in font nullfont!
]

LaTeX Font Warning: Font shape `TU/ptm/b/n' undefined
(Font)              using `TU/ptm/bx/n' instead on input line 79.


LaTeX Font Warning: Font shape `TU/ptm/b/n' undefined
(Font)              using `TU/ptm/bx/n' instead on input line 81.


LaTeX Font Warning: Font shape `TU/ptm/b/n' undefined
(Font)              using `TU/ptm/bx/n' instead on input line 81.


LaTeX Font Warning: Font shape `TU/ptm/b/n' undefined
(Font)              using `TU/ptm/bx/n' instead on input line 82.


LaTeX Font Warning: Font shape `TU/ptm/b/n' undefined
(Font)              using `TU/ptm/bx/n' instead on input line 83.


LaTeX Font Warning: Font shape `TU/ptm/b/n' undefined
(Font)              using `TU/ptm/bx/n' instead on input line 85.


LaTeX Font Warning: Font shape `TU/ptm/b/n' undefined
(Font)              using `TU/ptm/bx/n' instead on input line 87.


LaTeX Font Warning: Font shape `TU/ptm/b/n' undefined
(Font)              using `TU/ptm/bx/n' instead on input line 87.


LaTeX Font Warning: Font shape `TU/ptm/b/n' undefined
(Font)              using `TU/ptm/bx/n' instead on input line 90.


LaTeX Font Warning: Font shape `TU/ptm/b/n' undefined
(Font)              using `TU/ptm/bx/n' instead on input line 92.


LaTeX Font Warning: Font shape `TU/ptm/b/n' undefined
(Font)              using `TU/ptm/bx/n' instead on input line 92.


LaTeX Font Warning: Font shape `TU/ptm/b/n' undefined
(Font)              using `TU/ptm/bx/n' instead on input line 93.


LaTeX Font Warning: Font shape `TU/ptm/b/n' undefined
(Font)              using `TU/ptm/bx/n' instead on input line 114.


LaTeX Font Warning: Font shape `TU/ptm/b/n' undefined
(Font)              using `TU/ptm/bx/n' instead on input line 127.


LaTeX Font Warning: Font shape `TU/ptm/b/n' undefined
(Font)              using `TU/ptm/bx/n' instead on input line 128.


LaTeX Font Warning: Font shape `TU/ptm/b/n' undefined
(Font)              using `TU/ptm/bx/n' instead on input line 154.


LaTeX Font Warning: Font shape `TU/ptm/b/n' undefined
(Font)              using `TU/ptm/bx/n' instead on input line 154.


LaTeX Font Warning: Font shape `TU/ptm/b/n' undefined
(Font)              using `TU/ptm/bx/n' instead on input line 155.


LaTeX Font Warning: Font shape `TU/ptm/b/n' undefined
(Font)              using `TU/ptm/bx/n' instead on input line 156.


Underfull \hbox (badness 1571) in paragraph at lines 175--176
[]\TU/ptm/m/sc/10 Grasp ma-trix $\OML/cmm/m/it/10 G \OMS/cmsy/m/n/10 2 \U/msb/m
/n/10 R[]$ \TU/ptm/m/sc/10 and internal-wrench
 []

[2
Missing character: There is no @ (U+0040) in font nullfont!
Missing character: There is no z (U+007A) in font nullfont!
Missing character: There is no @ (U+0040) in font nullfont!
Missing character: There is no @ (U+0040) in font nullfont!
Missing character: There is no @ (U+0040) in font nullfont!
Missing character: There is no @ (U+0040) in font nullfont!
Missing character: There is no z (U+007A) in font nullfont!
Missing character: There is no @ (U+0040) in font nullfont!
Missing character: There is no @ (U+0040) in font nullfont!
Missing character: There is no @ (U+0040) in font nullfont!
Missing character: There is no @ (U+0040) in font nullfont!
Missing character: There is no z (U+007A) in font nullfont!
Missing character: There is no @ (U+0040) in font nullfont!
Missing character: There is no @ (U+0040) in font nullfont!
Missing character: There is no @ (U+0040) in font nullfont!
Missing character: There is no @ (U+0040) in font nullfont!
Missing character: There is no @ (U+0040) in font nullfont!
Missing character: There is no @ (U+0040) in font nullfont!
Missing character: There is no z (U+007A) in font nullfont!
Missing character: There is no @ (U+0040) in font nullfont!
Missing character: There is no @ (U+0040) in font nullfont!
Missing character: There is no @ (U+0040) in font nullfont!
Missing character: There is no @ (U+0040) in font nullfont!
Missing character: There is no @ (U+0040) in font nullfont!
Missing character: There is no @ (U+0040) in font nullfont!
Missing character: There is no @ (U+0040) in font nullfont!
Missing character: There is no @ (U+0040) in font nullfont!
Missing character: There is no @ (U+0040) in font nullfont!
Missing character: There is no @ (U+0040) in font nullfont!
Missing character: There is no @ (U+0040) in font nullfont!
Missing character: There is no @ (U+0040) in font nullfont!
Missing character: There is no @ (U+0040) in font nullfont!
Missing character: There is no @ (U+0040) in font nullfont!
Missing character: There is no @ (U+0040) in font nullfont!
Missing character: There is no @ (U+0040) in font nullfont!
Missing character: There is no @ (U+0040) in font nullfont!
Missing character: There is no @ (U+0040) in font nullfont!
]

LaTeX Font Warning: Font shape `TU/ptm/b/n' undefined
(Font)              using `TU/ptm/bx/n' instead on input line 286.


Overfull \hbox (7.63522pt too wide) detected at line 319
[]
 []

[3
Missing character: There is no @ (U+0040) in font nullfont!
Missing character: There is no @ (U+0040) in font nullfont!
Missing character: There is no @ (U+0040) in font nullfont!
Missing character: There is no @ (U+0040) in font nullfont!
Missing character: There is no @ (U+0040) in font nullfont!
Missing character: There is no { (U+007B) in font nullfont!
Missing character: There is no @ (U+0040) in font nullfont!
Missing character: There is no @ (U+0040) in font nullfont!
Missing character: There is no @ (U+0040) in font nullfont!
Missing character: There is no @ (U+0040) in font nullfont!
Missing character: There is no @ (U+0040) in font nullfont!
Missing character: There is no { (U+007B) in font nullfont!
Missing character: There is no @ (U+0040) in font nullfont!
Missing character: There is no @ (U+0040) in font nullfont!
Missing character: There is no @ (U+0040) in font nullfont!
Missing character: There is no @ (U+0040) in font nullfont!
Missing character: There is no @ (U+0040) in font nullfont!
Missing character: There is no @ (U+0040) in font nullfont!
Missing character: There is no z (U+007A) in font nullfont!
Missing character: There is no @ (U+0040) in font nullfont!
Missing character: There is no @ (U+0040) in font nullfont!
Missing character: There is no @ (U+0040) in font nullfont!
Missing character: There is no @ (U+0040) in font nullfont!
Missing character: There is no @ (U+0040) in font nullfont!
Missing character: There is no @ (U+0040) in font nullfont!
Missing character: There is no @ (U+0040) in font nullfont!
Missing character: There is no z (U+007A) in font nullfont!
] [4
Missing character: There is no @ (U+0040) in font nullfont!
Missing character: There is no @ (U+0040) in font nullfont!
Missing character: There is no @ (U+0040) in font nullfont!
Missing character: There is no @ (U+0040) in font nullfont!
Missing character: There is no @ (U+0040) in font nullfont!
Missing character: There is no @ (U+0040) in font nullfont!
Missing character: There is no @ (U+0040) in font nullfont!
Missing character: There is no @ (U+0040) in font nullfont!
Missing character: There is no @ (U+0040) in font nullfont!
Missing character: There is no @ (U+0040) in font nullfont!
Missing character: There is no @ (U+0040) in font nullfont!
Missing character: There is no @ (U+0040) in font nullfont!
Missing character: There is no @ (U+0040) in font nullfont!
Missing character: There is no @ (U+0040) in font nullfont!
Missing character: There is no @ (U+0040) in font nullfont!
Missing character: There is no @ (U+0040) in font nullfont!
Missing character: There is no @ (U+0040) in font nullfont!
Missing character: There is no @ (U+0040) in font nullfont!
]
Underfull \hbox (badness 2980) in paragraph at lines 511--512
\TU/ptm/m/sc/10 de-com-pose the task space into com-ple-men-tary
 []

LaTeX Font Info:    Trying to load font information for TU+pcr on input line 52
4.
LaTeX Font Info:    No file TUpcr.fd. on input line 524.

LaTeX Font Warning: Font shape `TU/pcr/m/n' undefined
(Font)              using `TU/lmr/m/n' instead on input line 524.


LaTeX Font Warning: Font shape `TU/ptm/b/n' undefined
(Font)              using `TU/ptm/bx/n' instead on input line 528.


Underfull \hbox (badness 2635) in paragraph at lines 526--528
[]\TU/ptm/m/sc/10 Pick--carry--place tra-jec-tory; force-demand con-di-
 []


LaTeX Font Warning: Font shape `TU/ptm/b/n' undefined
(Font)              using `TU/ptm/bx/n' instead on input line 528.


LaTeX Font Warning: Font shape `TU/ptm/b/n' undefined
(Font)              using `TU/ptm/bx/n' instead on input line 529.


LaTeX Font Warning: Font shape `TU/ptm/b/n' undefined
(Font)              using `TU/ptm/bx/n' instead on input line 530.


LaTeX Font Warning: Font shape `TU/ptm/b/n' undefined
(Font)              using `TU/ptm/bx/n' instead on input line 531.


LaTeX Font Warning: Font shape `TU/ptm/b/n' undefined
(Font)              using `TU/ptm/bx/n' instead on input line 569.


LaTeX Font Warning: Font shape `TU/ptm/b/n' undefined
(Font)              using `TU/ptm/bx/n' instead on input line 573.


LaTeX Font Warning: Font shape `TU/ptm/b/n' undefined
(Font)              using `TU/ptm/bx/n' instead on input line 575.


LaTeX Font Warning: Font shape `TU/ptm/b/n' undefined
(Font)              using `TU/ptm/bx/n' instead on input line 577.


LaTeX Font Warning: Font shape `TU/ptm/b/n' undefined
(Font)              using `TU/ptm/bx/n' instead on input line 577.


LaTeX Font Warning: Font shape `TU/ptm/b/n' undefined
(Font)              using `TU/ptm/bx/n' instead on input line 579.


LaTeX Font Warning: Font shape `TU/ptm/b/n' undefined
(Font)              using `TU/ptm/bx/n' instead on input line 581.


LaTeX Font Warning: Font shape `TU/ptm/b/n' undefined
(Font)              using `TU/ptm/bx/n' instead on input line 588.


LaTeX Font Warning: Font shape `TU/ptm/b/n' undefined
(Font)              using `TU/ptm/bx/n' instead on input line 590.


LaTeX Font Warning: Font shape `TU/ptm/b/n' undefined
(Font)              using `TU/ptm/bx/n' instead on input line 590.


LaTeX Font Warning: Font shape `TU/ptm/b/n' undefined
(Font)              using `TU/ptm/bx/n' instead on input line 591.


Underfull \hbox (badness 3895) in paragraph at lines 591--592
\TU/pcr/m/n/10 distribution scheme with normal-force con-
 []


LaTeX Font Warning: Font shape `TU/ptm/b/n' undefined
(Font)              using `TU/ptm/bx/n' instead on input line 592.


LaTeX Font Warning: Font shape `TU/ptm/b/n' undefined
(Font)              using `TU/ptm/bx/n' instead on input line 593.


Underfull \hbox (badness 10000) in paragraph at lines 593--594
[]\TU/pcr/m/n/10 Admittance-QP dual-arm cobot frame-work
 []


Underfull \hbox (badness 2334) in paragraph at lines 593--594
\TU/pcr/m/n/10 reg-u-lat-ing in-ter-nal/ex-ter-nal ef-forts (BAZAR,
 []


LaTeX Font Warning: Font shape `TU/ptm/b/n' undefined
(Font)              using `TU/ptm/bx/n' instead on input line 594.

[5
Missing character: There is no @ (U+0040) in font nullfont!
Missing character: There is no @ (U+0040) in font nullfont!
Missing character: There is no z (U+007A) in font nullfont!
Missing character: There is no z (U+007A) in font nullfont!
Missing character: There is no @ (U+0040) in font nullfont!
Missing character: There is no @ (U+0040) in font nullfont!
Missing character: There is no @ (U+0040) in font nullfont!
Missing character: There is no @ (U+0040) in font nullfont!
Missing character: There is no @ (U+0040) in font nullfont!
Missing character: There is no @ (U+0040) in font nullfont!
Missing character: There is no Ĝ (U+011C) in font nullfont!
Missing character: There is no @ (U+0040) in font nullfont!
Missing character: There is no @ (U+0040) in font nullfont!
Missing character: There is no @ (U+0040) in font nullfont!
Missing character: There is no @ (U+0040) in font nullfont!
Missing character: There is no @ (U+0040) in font nullfont!
Missing character: There is no z (U+007A) in font nullfont!
Missing character: There is no @ (U+0040) in font nullfont!
Missing character: There is no @ (U+0040) in font nullfont!
Missing character: There is no @ (U+0040) in font nullfont!
Missing character: There is no @ (U+0040) in font nullfont!
Missing character: There is no @ (U+0040) in font nullfont!
Missing character: There is no @ (U+0040) in font nullfont!
Missing character: There is no @ (U+0040) in font nullfont!
Missing character: There is no @ (U+0040) in font nullfont!
Missing character: There is no @ (U+0040) in font nullfont!
Missing character: There is no z (U+007A) in font nullfont!
Missing character: There is no @ (U+0040) in font nullfont!
Missing character: There is no @ (U+0040) in font nullfont!
Missing character: There is no @ (U+0040) in font nullfont!
Missing character: There is no @ (U+0040) in font nullfont!
Missing character: There is no { (U+007B) in font nullfont!
Missing character: There is no @ (U+0040) in font nullfont!
Missing character: There is no @ (U+0040) in font nullfont!
Missing character: There is no @ (U+0040) in font nullfont!
Missing character: There is no @ (U+0040) in font nullfont!
Missing character: There is no @ (U+0040) in font nullfont!
Missing character: There is no @ (U+0040) in font nullfont!
Missing character: There is no @ (U+0040) in font nullfont!
Missing character: There is no @ (U+0040) in font nullfont!
Missing character: There is no { (U+007B) in font nullfont!
Missing character: There is no @ (U+0040) in font nullfont!
Missing character: There is no @ (U+0040) in font nullfont!
Missing character: There is no @ (U+0040) in font nullfont!
Missing character: There is no @ (U+0040) in font nullfont!
Missing character: There is no @ (U+0040) in font nullfont!
Missing character: There is no @ (U+0040) in font nullfont!
Missing character: There is no @ (U+0040) in font nullfont!
Missing character: There is no @ (U+0040) in font nullfont!
]

LaTeX Font Warning: Font shape `TU/ptm/b/n' undefined
(Font)              using `TU/ptm/bx/n' instead on input line 597.


LaTeX Font Warning: Font shape `TU/ptm/b/n' undefined
(Font)              using `TU/ptm/bx/n' instead on input line 599.


LaTeX Font Warning: Font shape `TU/ptm/b/n' undefined
(Font)              using `TU/ptm/bx/n' instead on input line 599.


LaTeX Font Warning: Font shape `TU/ptm/b/n' undefined
(Font)              using `TU/ptm/bx/n' instead on input line 600.


LaTeX Font Warning: Font shape `TU/ptm/b/n' undefined
(Font)              using `TU/ptm/bx/n' instead on input line 601.


LaTeX Font Warning: Font shape `TU/ptm/b/n' undefined
(Font)              using `TU/ptm/bx/n' instead on input line 604.


LaTeX Font Warning: Font shape `TU/ptm/b/n' undefined
(Font)              using `TU/ptm/bx/n' instead on input line 606.


LaTeX Font Warning: Font shape `TU/ptm/b/n' undefined
(Font)              using `TU/ptm/bx/n' instead on input line 606.


LaTeX Font Warning: Font shape `TU/ptm/b/n' undefined
(Font)              using `TU/ptm/bx/n' instead on input line 607.


LaTeX Font Warning: Font shape `TU/ptm/b/n' undefined
(Font)              using `TU/ptm/bx/n' instead on input line 608.


LaTeX Font Warning: Font shape `TU/ptm/b/n' undefined
(Font)              using `TU/ptm/bx/n' instead on input line 609.


LaTeX Font Warning: Font shape `TU/ptm/b/n' undefined
(Font)              using `TU/ptm/bx/n' instead on input line 612.


LaTeX Font Warning: Font shape `TU/ptm/b/n' undefined
(Font)              using `TU/ptm/bx/n' instead on input line 614.


LaTeX Font Warning: Font shape `TU/ptm/b/n' undefined
(Font)              using `TU/ptm/bx/n' instead on input line 614.


Underfull \hbox (badness 10000) in paragraph at lines 614--615
[]\TU/pcr/m/n/10 Clas-si-cal minimum-norm / weighted-
 []


LaTeX Font Warning: Font shape `TU/ptm/b/n' undefined
(Font)              using `TU/ptm/bx/n' instead on input line 615.


Underfull \hbox (badness 1681) in paragraph at lines 615--616
\TU/pcr/m/n/10 with torque- or actuation-margin-aware cost
 []


Underfull \hbox (badness 10000) in paragraph at lines 615--616
\TU/pcr/m/n/10 terms (lo-co-mo-tion / multi-contact force-
 []


LaTeX Font Warning: Font shape `TU/ptm/b/n' undefined
(Font)              using `TU/ptm/bx/n' instead on input line 618.


LaTeX Font Warning: Font shape `TU/ptm/b/n' undefined
(Font)              using `TU/ptm/bx/n' instead on input line 620.


LaTeX Font Warning: Font shape `TU/ptm/b/n' undefined
(Font)              using `TU/ptm/bx/n' instead on input line 620.


LaTeX Font Warning: Font shape `TU/ptm/b/n' undefined
(Font)              using `TU/ptm/bx/n' instead on input line 621.


LaTeX Font Warning: Font shape `TU/ptm/b/n' undefined
(Font)              using `TU/ptm/bx/n' instead on input line 622.


LaTeX Font Warning: Font shape `TU/ptm/b/n' undefined
(Font)              using `TU/ptm/bx/n' instead on input line 625.


LaTeX Font Warning: Font shape `TU/ptm/b/n' undefined
(Font)              using `TU/ptm/bx/n' instead on input line 627.


Underfull \hbox (badness 2426) in paragraph at lines 625--627
[]\TU/pcr/m/n/10 Impact-aware con-tact es-tab-lish-ment (back-ground
 []


LaTeX Font Warning: Font shape `TU/ptm/b/n' undefined
(Font)              using `TU/ptm/bx/n' instead on input line 627.


LaTeX Font Warning: Font shape `TU/ptm/b/n' undefined
(Font)              using `TU/ptm/bx/n' instead on input line 628.


LaTeX Font Warning: Font shape `TU/ptm/b/n' undefined
(Font)              using `TU/ptm/bx/n' instead on input line 629.


Underfull \hbox (badness 1466) in paragraph at lines 629--630
\TU/pcr/m/n/10 K. --- Smoothly Con-nected Pre-emp-tive Im-
 []


LaTeX Font Warning: Font shape `TU/ptm/b/n' undefined
(Font)              using `TU/ptm/bx/n' instead on input line 630.


Underfull \hbox (badness 5985) in paragraph at lines 630--631
[]\TU/pcr/m/n/10 Khatib, O. --- ef-fec-tive/re-flected mass in
 []


LaTeX Font Warning: Font shape `TU/ptm/b/n' undefined
(Font)              using `TU/ptm/bx/n' instead on input line 631.

(./1.bbl)

** Conference Paper **
Before submitting the final camera ready copy, remember to:

 1. Manually equalize the lengths of two columns on the last page
 of your paper;

 2. Ensure that any PostScript and/or PDF output post-processing
 uses only Type 1 fonts and that every step in the generation
 process uses the appropriate paper size.

[6
Missing character: There is no @ (U+0040) in font nullfont!
Missing character: There is no @ (U+0040) in font nullfont!
Missing character: There is no z (U+007A) in font nullfont!
Missing character: There is no @ (U+0040) in font nullfont!
Missing character: There is no @ (U+0040) in font nullfont!
Missing character: There is no @ (U+0040) in font nullfont!
Missing character: There is no @ (U+0040) in font nullfont!
Missing character: There is no @ (U+0040) in font nullfont!
Missing character: There is no @ (U+0040) in font nullfont!
Missing character: There is no @ (U+0040) in font nullfont!
Missing character: There is no @ (U+0040) in font nullfont!
Missing character: There is no @ (U+0040) in font nullfont!
Missing character: There is no @ (U+0040) in font nullfont!
Missing character: There is no @ (U+0040) in font nullfont!
Missing character: There is no @ (U+0040) in font nullfont!
Missing character: There is no @ (U+0040) in font nullfont!
Missing character: There is no @ (U+0040) in font nullfont!
Missing character: There is no @ (U+0040) in font nullfont!
Missing character: There is no @ (U+0040) in font nullfont!
Missing character: There is no @ (U+0040) in font nullfont!
Missing character: There is no @ (U+0040) in font nullfont!
Missing character: There is no @ (U+0040) in font nullfont!
Missing character: There is no @ (U+0040) in font nullfont!
Missing character: There is no @ (U+0040) in font nullfont!
Missing character: There is no @ (U+0040) in font nullfont!
Missing character: There is no @ (U+0040) in font nullfont!
Missing character: There is no @ (U+0040) in font nullfont!
Missing character: There is no @ (U+0040) in font nullfont!
Missing character: There is no @ (U+0040) in font nullfont!
Missing character: There is no @ (U+0040) in font nullfont!
Missing character: There is no @ (U+0040) in font nullfont!
Missing character: There is no @ (U+0040) in font nullfont!
Missing character: There is no @ (U+0040) in font nullfont!
Missing character: There is no z (U+007A) in font nullfont!
Missing character: There is no @ (U+0040) in font nullfont!
Missing character: There is no @ (U+0040) in font nullfont!
Missing character: There is no @ (U+0040) in font nullfont!
] (./1.aux)
 ***********
LaTeX2e <2023-11-01> patch level 1
L3 programming layer <2024-01-04>
 ***********


LaTeX Font Warning: Some font shapes were not available, defaults substituted.

)

Here is how much of LuaTeX's memory you used:
 3829 strings out of 476492
 156267,1977958 words of node,token memory allocated
 520 words of node memory still in use:
   7 hlist, 2 vlist, 2 rule, 2 glue, 4 kern, 1 glyph, 9 attribute, 55 glue_spec,
 9 attribute_list, 1 write nodes
   avail lists: 2:1188,3:559,4:16,5:661,6:97,7:13357,8:36,9:1281,10:15,11:1043
 25849 multiletter control sequences out of 65536+600000
 90 fonts using 6850455 bytes
 57i,16n,62p,460b,348s stack positions out of 10000i,1000n,20000p,200000b,200000s
Output written on 1.dvi (6 pages, 51972 bytes).
